// Jest Snapshot v1, https://goo.gl/fbAQLP

exports[`renders correctly 1`] = `
<View
  collapsable={true}
  pointerEvents="box-none"
  style={
    Object {
      "flex": 1,
    }
  }
>
  <View
    accessibilityIgnoresInvertColors={true}
    style={
      Object {
        "backgroundColor": "#0161F2",
        "flex": 1,
        "height": "100%",
        "justifyContent": "flex-end",
        "paddingBottom": 20,
        "resizeMode": "cover",
        "width": "100%",
      }
    }
  >
    <Image
      source={
        Object {
          "testUri": "../../../app/assets/images/launchScreenBackground.png",
        }
      }
      style={
        Array [
          Object {
            "bottom": 0,
            "left": 0,
            "position": "absolute",
            "right": 0,
            "top": 0,
          },
          Object {
            "height": "100%",
            "width": "100%",
          },
          undefined,
        ]
      }
    />
    <View
      style={
        Object {
          "alignItems": "center",
          "backgroundColor": "#0161F2",
          "flex": 1,
          "justifyContent": "center",
          "left": 0,
          "position": "absolute",
          "resizeMode": "contain",
          "right": 0,
          "top": "-15%",
        }
      }
    >
      <Text>
        Testdsfafasfsdafasfsadf
      </Text>
      <SvgXml
        height={1334}
        width={1334}
      />
    </View>
    <View
      style={
        Object {
          "height": "100%",
          "left": 0,
          "paddingBottom": 12,
          "paddingHorizontal": "12%",
          "position": "absolute",
          "right": 0,
          "top": "-7%",
        }
      }
    >
      <View
        style={
          Object {
            "alignItems": "center",
            "flex": 1,
            "justifyContent": "flex-end",
            "paddingBottom": 80,
          }
        }
      >
        <Text
          style={
            Object {
              "color": "#FFF",
              "fontFamily": "IBMPlexSans-Light",
              "fontSize": 16,
              "fontWeight": "normal",
              "lineHeight": 24.5,
              "marginBottom": 24,
              "textAlign": "center",
              "top": "-7%",
              "writingDirection": "ltr",
            }
          }
          use="body1"
        />
      </View>
      <View
        style={
          Object {
            "alignItems": "center",
            "flex": 1,
            "justifyContent": "flex-start",
            "paddingTop": 80,
          }
        }
      >
        <Text
          style={
            Object {
              "color": "#FFF",
              "fontFamily": "IBMPlexSans",
              "fontSize": 18,
              "fontWeight": "normal",
              "lineHeight": 24.5,
              "marginBottom": 24,
              "textAlign": "center",
              "writingDirection": "ltr",
            }
          }
          use="body1"
        />
        <View
          accessibilityRole="button"
          accessible={true}
          focusable={true}
          isTVSelectable={true}
          style={
            Object {
              "alignContent": "center",
              "alignItems": "center",
              "alignSelf": "stretch",
              "backgroundColor": "#FFF",
              "borderBottomLeftRadius": 8,
              "borderBottomRightRadius": 8,
              "borderColor": "transparent",
              "borderStyle": "solid",
              "borderTopLeftRadius": 8,
              "borderTopRightRadius": 8,
              "borderWidth": 2,
              "flexDirection": "row",
              "height": 54,
              "justifyContent": "center",
              "marginTop": 24,
              "opacity": 1,
              "paddingHorizontal": 16,
            }
          }
        >
          <Text
            style={
              Object {
                "color": "#0161F2",
                "fontFamily": "IBMPlexSans-Medium",
                "fontSize": 20,
                "fontWeight": "normal",
                "lineHeight": 40,
                "writingDirection": "ltr",
              }
            }
            use="body1"
          />
        </View>
      </View>
    </View>
  </View>
</View>
`;
